// Jest Snapshot v1, https://goo.gl/fbAQLP

exports[`expect to render Button component 1`] = `
<styled.button
  onClick={[Function]}
  variant="primary"
>
  Go to checkout
</styled.button>
`;
